BlockChain Info:
1.
Sender Name: baraa
Receiver Name: adi
Transaction Value: 865044
Transaction timestamp: 20:21
2.
Sender Name: baraa
Receiver Name: liav
Transaction Value: 341
Transaction timestamp: 20:19
3.
Sender Name: baraa
Receiver Name: adi
Transaction Value: 3921
Transaction timestamp: 20:19
