a:
|1|2|3|
|0|2|0|
|1|4|1|

a.transpose()-a:
|0|-2|-2|
|2|0|4|
|2|-4|0|

a.rotateCounterClockwise()+b.rotateClockwise()
|5|2|1|
|-2|2|2|
|1|4|-1|

d:
|1|0|2|
|3|1|0|

e:
|2|0|
|0|1|
|1|3|

a*e:
|5|11|
|0|2|
|3|7|

d*a:
|3|10|5|
|3|8|9|

a+b:
|1|0|1|
|2|2|4|
|3|0|1|

-a
|-1|-2|-3|
|0|-2|0|
|-1|-4|-1|

2*d:
|2|0|4|
|6|2|0|

2*d==d*2:
1
a.transpose!=a.counterClockSize:
1
m
Movie Name: Matrix
Author: linoy

Frame 0:
|1|2|3|
|0|2|0|
|1|4|1|

Frame 1:
|0|-2|-2|
|2|0|4|
|2|-4|0|

Frame 2:
|5|2|1|
|-2|2|2|
|1|4|-1|

Frame 3:
|1|0|2|
|3|1|0|

Frame 4:
|2|0|
|0|1|
|1|3|

-----End of Movie-----

z
Movie Name: Matrix
Author: linoy

Frame 0:
|1|2|3|
|0|2|0|
|1|4|1|

Frame 1:
|0|-2|-2|
|2|0|4|
|2|-4|0|

Frame 2:
|5|2|1|
|-2|2|2|
|1|4|-1|

Frame 3:
|1|0|2|
|3|1|0|

Frame 4:
|2|0|
|0|1|
|1|3|

-----End of Movie-----

z
Movie Name: malibu
Author: adi

Frame 0:
|5|2|1|
|-2|2|2|
|1|4|-1|

Frame 1:
|1|0|2|
|3|1|0|

Frame 2:
|2|0|
|0|1|
|1|3|

-----End of Movie-----

m[1]= -b
|0|2|2|
|-2|0|-4|
|-2|4|0|

m+x
Movie Name: Matrix
Author: linoy

Frame 0:
|1|2|3|
|0|2|0|
|1|4|1|

Frame 1:
|0|2|2|
|-2|0|-4|
|-2|4|0|

Frame 2:
|5|2|1|
|-2|2|2|
|1|4|-1|

Frame 3:
|1|0|2|
|3|1|0|

Frame 4:
|2|0|
|0|1|
|1|3|

Frame 5:
|5|2|1|
|-2|2|2|
|1|4|-1|

Frame 6:
|1|0|2|
|3|1|0|

Frame 7:
|2|0|
|0|1|
|1|3|

-----End of Movie-----

m+=a*e
Movie Name: Matrix
Author: linoy

Frame 0:
|1|2|3|
|0|2|0|
|1|4|1|

Frame 1:
|0|2|2|
|-2|0|-4|
|-2|4|0|

Frame 2:
|5|2|1|
|-2|2|2|
|1|4|-1|

Frame 3:
|1|0|2|
|3|1|0|

Frame 4:
|2|0|
|0|1|
|1|3|

Frame 5:
|5|11|
|0|2|
|3|7|

-----End of Movie-----

m+=x
Movie Name: Matrix
Author: linoy

Frame 0:
|1|2|3|
|0|2|0|
|1|4|1|

Frame 1:
|0|2|2|
|-2|0|-4|
|-2|4|0|

Frame 2:
|5|2|1|
|-2|2|2|
|1|4|-1|

Frame 3:
|1|0|2|
|3|1|0|

Frame 4:
|2|0|
|0|1|
|1|3|

Frame 5:
|5|11|
|0|2|
|3|7|

Frame 6:
|5|2|1|
|-2|2|2|
|1|4|-1|

Frame 7:
|1|0|2|
|3|1|0|

Frame 8:
|2|0|
|0|1|
|1|3|

-----End of Movie-----

m
Movie Name: Matrix
Author: linoy

Frame 0:
|1|2|3|
|0|2|0|
|1|4|1|

Frame 1:
|0|2|2|
|-2|0|-4|
|-2|4|0|

Frame 2:
|5|2|1|
|-2|2|2|
|1|4|-1|

Frame 3:
|1|0|2|
|3|1|0|

Frame 4:
|2|0|
|0|1|
|1|3|

Frame 5:
|5|11|
|0|2|
|3|7|

Frame 6:
|5|2|1|
|-2|2|2|
|1|4|-1|

Frame 7:
|1|0|2|
|3|1|0|

Frame 8:
|2|0|
|0|1|
|1|3|

-----End of Movie-----

