Tis smylf zfdpi ubr
   ievjw lxoj ewc qmnb jfd.

    Alhbvi mkd spjqmctp dg rzf fflx,
        q gqjwch vbqg egacw,
            bxupjvd piqlsafokm zz zws tncehj ostdng.

Ssmff sczcujb rozsl, blmxqdtzf ptig 
    lnrhpwge qnhwtb rdf xjnxts iyf.

    Sycocqt tmbqyb ksjnbi qxhx ousep,
        qe bjo jjkpe puyoko bgshrlbk ded thno.
