BlockChain Info:
1.
Sender Name: baraa
Receiver Name: regev
Transaction Value: 30
Transaction timestamp: 20:40
2.
Sender Name: regev
Receiver Name: adi
Transaction Value: 15
Transaction timestamp: 20:30
3.
Sender Name: daniel
Receiver Name: baraa
Transaction Value: 100
Transaction timestamp: 20:20
4.
Sender Name: baraa
Receiver Name: daniel
Transaction Value: 20
Transaction timestamp: 20:20
