BlockChain Info:
1.
Sender Name: bar$@K
Receiver Name: Regev
Transaction Value: 30
Transaction timestamp: 20:40
2.
Sender Name: __first
Receiver Name: name__
Transaction Value: 15
Transaction timestamp: 20:30
3.
Sender Name: SPECIAL
Receiver Name: CHAR
Transaction Value: 100
Transaction timestamp: 20:20
