Game is about to start!
These are the players:

1. Braa, Magician with Responsible character (level 1, force 5)
2. Regev, Archer with Responsible character (level 1, force 5)

----------------------------------------

New round starts!

Turn: 1
Player: Braa, Magician with Responsible character (level 1, force 5)
Event: Snail (power 5, loot 2, damage 10)
Braa won the encounter, gained 2 coins and leveled up!

Turn: 2
Player: Regev, Archer with Responsible character (level 1, force 5)
Event: Snail (power 5, loot 2, damage 10)
Regev won the encounter, gained 2 coins and leveled up!

Round has ended!
Leader board is as follows:
Ranking    Player Name     Level     Force HP    Coins
1          Regev           2         5     100   22
2          Braa            2         5     100   12

----------------------------------------

New round starts!

Turn: 3
Player: Braa, Magician with Responsible character (level 2, force 5)
Event: Snail (power 5, loot 2, damage 10)
Braa won the encounter, gained 2 coins and leveled up!

Turn: 4
Player: Regev, Archer with Responsible character (level 2, force 5)
Event: Snail (power 5, loot 2, damage 10)
Regev won the encounter, gained 2 coins and leveled up!

Round has ended!
Leader board is as follows:
Ranking    Player Name     Level     Force HP    Coins
1          Regev           3         5     100   24
2          Braa            3         5     100   14

----------------------------------------

New round starts!

Turn: 5
Player: Braa, Magician with Responsible character (level 3, force 5)
Event: Snail (power 5, loot 2, damage 10)
Braa won the encounter, gained 2 coins and leveled up!

Turn: 6
Player: Regev, Archer with Responsible character (level 3, force 5)
Event: Snail (power 5, loot 2, damage 10)
Regev won the encounter, gained 2 coins and leveled up!

Round has ended!
Leader board is as follows:
Ranking    Player Name     Level     Force HP    Coins
1          Regev           4         5     100   26
2          Braa            4         5     100   16

----------------------------------------

New round starts!

Turn: 7
Player: Braa, Magician with Responsible character (level 4, force 5)
Event: Snail (power 5, loot 2, damage 10)
Braa won the encounter, gained 2 coins and leveled up!

Turn: 8
Player: Regev, Archer with Responsible character (level 4, force 5)
Event: Snail (power 5, loot 2, damage 10)
Regev won the encounter, gained 2 coins and leveled up!

Round has ended!
Leader board is as follows:
Ranking    Player Name     Level     Force HP    Coins
1          Regev           5         5     100   28
2          Braa            5         5     100   18

----------------------------------------

New round starts!

Turn: 9
Player: Braa, Magician with Responsible character (level 5, force 5)
Event: Snail (power 5, loot 2, damage 10)
Braa won the encounter, gained 2 coins and leveled up!

Turn: 10
Player: Regev, Archer with Responsible character (level 5, force 5)
Event: Snail (power 5, loot 2, damage 10)
Regev won the encounter, gained 2 coins and leveled up!

Round has ended!
Leader board is as follows:
Ranking    Player Name     Level     Force HP    Coins
1          Regev           6         5     100   30
2          Braa            6         5     100   20

----------------------------------------

New round starts!

Turn: 11
Player: Braa, Magician with Responsible character (level 6, force 5)
Event: Snail (power 5, loot 2, damage 10)
Braa won the encounter, gained 2 coins and leveled up!

Turn: 12
Player: Regev, Archer with Responsible character (level 6, force 5)
Event: Snail (power 5, loot 2, damage 10)
Regev won the encounter, gained 2 coins and leveled up!

Round has ended!
Leader board is as follows:
Ranking    Player Name     Level     Force HP    Coins
1          Regev           7         5     100   32
2          Braa            7         5     100   22

----------------------------------------

New round starts!

Turn: 13
Player: Braa, Magician with Responsible character (level 7, force 5)
Event: Snail (power 5, loot 2, damage 10)
Braa won the encounter, gained 2 coins and leveled up!

Turn: 14
Player: Regev, Archer with Responsible character (level 7, force 5)
Event: Snail (power 5, loot 2, damage 10)
Regev won the encounter, gained 2 coins and leveled up!

Round has ended!
Leader board is as follows:
Ranking    Player Name     Level     Force HP    Coins
1          Regev           8         5     100   34
2          Braa            8         5     100   24

----------------------------------------

New round starts!

Turn: 15
Player: Braa, Magician with Responsible character (level 8, force 5)
Event: Snail (power 5, loot 2, damage 10)
Braa won the encounter, gained 2 coins and leveled up!

Turn: 16
Player: Regev, Archer with Responsible character (level 8, force 5)
Event: Snail (power 5, loot 2, damage 10)
Regev won the encounter, gained 2 coins and leveled up!

Round has ended!
Leader board is as follows:
Ranking    Player Name     Level     Force HP    Coins
1          Regev           9         5     100   36
2          Braa            9         5     100   26

----------------------------------------

New round starts!

Turn: 17
Player: Braa, Magician with Responsible character (level 9, force 5)
Event: Snail (power 5, loot 2, damage 10)
Braa won the encounter, gained 2 coins and leveled up!

Turn: 18
Player: Regev, Archer with Responsible character (level 9, force 5)
Event: Snail (power 5, loot 2, damage 10)
Regev won the encounter, gained 2 coins and leveled up!

Round has ended!
Leader board is as follows:
Ranking    Player Name     Level     Force HP    Coins
1          Regev           10        5     100   38
2          Braa            10        5     100   28

----------------------------------------

Game is over!
The winner is: Regev
Congratulations!

