Game is about to start!
These are the players:

1. responsible, Warrior with Responsible character (level 1, force 5)
2. Warrior, Magician with RiskTaking character (level 1, force 5)
3. riskTaking, Warrior with RiskTaking character (level 1, force 5)

----------------------------------------

New round starts!

Turn: 1
Player: responsible, Warrior with Responsible character (level 1, force 5)
Event: Snail (power 5, loot 2, damage 10)
responsible won the encounter, gained 2 coins and leveled up!

Turn: 2
Player: Warrior, Magician with RiskTaking character (level 1, force 5)
Event: SolarEclipse
Warrior was affected by a solar eclipse! their force has changed by 1!

Turn: 3
Player: riskTaking, Warrior with RiskTaking character (level 1, force 5)
Event: PotionsMerchant
riskTaking bought 0 potions!

Round has ended!
Leader board is as follows:
Ranking    Player Name     Level     Force HP    Coins
1          responsible     2         5     140   12
2          Warrior         1         6     100   10
3          riskTaking      1         5     150   10

----------------------------------------

New round starts!

Turn: 4
Player: responsible, Warrior with Responsible character (level 2, force 5)
Event: Snail (power 5, loot 2, damage 10)
responsible won the encounter, gained 2 coins and leveled up!

Turn: 5
Player: Warrior, Magician with RiskTaking character (level 1, force 6)
Event: SolarEclipse
Warrior was affected by a solar eclipse! their force has changed by 1!

Turn: 6
Player: riskTaking, Warrior with RiskTaking character (level 1, force 5)
Event: PotionsMerchant
riskTaking bought 0 potions!

Round has ended!
Leader board is as follows:
Ranking    Player Name     Level     Force HP    Coins
1          responsible     3         5     130   14
2          Warrior         1         7     100   10
3          riskTaking      1         5     150   10

----------------------------------------

New round starts!

Turn: 7
Player: responsible, Warrior with Responsible character (level 3, force 5)
Event: Snail (power 5, loot 2, damage 10)
responsible won the encounter, gained 2 coins and leveled up!

Turn: 8
Player: Warrior, Magician with RiskTaking character (level 1, force 7)
Event: SolarEclipse
Warrior was affected by a solar eclipse! their force has changed by 1!

Turn: 9
Player: riskTaking, Warrior with RiskTaking character (level 1, force 5)
Event: PotionsMerchant
riskTaking bought 0 potions!

Round has ended!
Leader board is as follows:
Ranking    Player Name     Level     Force HP    Coins
1          responsible     4         5     120   16
2          Warrior         1         8     100   10
3          riskTaking      1         5     150   10

----------------------------------------

New round starts!

Turn: 10
Player: responsible, Warrior with Responsible character (level 4, force 5)
Event: Snail (power 5, loot 2, damage 10)
responsible won the encounter, gained 2 coins and leveled up!

Turn: 11
Player: Warrior, Magician with RiskTaking character (level 1, force 8)
Event: SolarEclipse
Warrior was affected by a solar eclipse! their force has changed by 1!

Turn: 12
Player: riskTaking, Warrior with RiskTaking character (level 1, force 5)
Event: PotionsMerchant
riskTaking bought 0 potions!

Round has ended!
Leader board is as follows:
Ranking    Player Name     Level     Force HP    Coins
1          responsible     5         5     110   18
2          Warrior         1         9     100   10
3          riskTaking      1         5     150   10

----------------------------------------

New round starts!

Turn: 13
Player: responsible, Warrior with Responsible character (level 5, force 5)
Event: Snail (power 5, loot 2, damage 10)
responsible won the encounter, gained 2 coins and leveled up!

Turn: 14
Player: Warrior, Magician with RiskTaking character (level 1, force 9)
Event: SolarEclipse
Warrior was affected by a solar eclipse! their force has changed by 1!

Turn: 15
Player: riskTaking, Warrior with RiskTaking character (level 1, force 5)
Event: PotionsMerchant
riskTaking bought 0 potions!

Round has ended!
Leader board is as follows:
Ranking    Player Name     Level     Force HP    Coins
1          responsible     6         5     100   20
2          Warrior         1         10    100   10
3          riskTaking      1         5     150   10

----------------------------------------

New round starts!

Turn: 16
Player: responsible, Warrior with Responsible character (level 6, force 5)
Event: Snail (power 5, loot 2, damage 10)
responsible won the encounter, gained 2 coins and leveled up!

Turn: 17
Player: Warrior, Magician with RiskTaking character (level 1, force 10)
Event: SolarEclipse
Warrior was affected by a solar eclipse! their force has changed by 1!

Turn: 18
Player: riskTaking, Warrior with RiskTaking character (level 1, force 5)
Event: PotionsMerchant
riskTaking bought 0 potions!

Round has ended!
Leader board is as follows:
Ranking    Player Name     Level     Force HP    Coins
1          responsible     7         5     90    22
2          Warrior         1         11    100   10
3          riskTaking      1         5     150   10

----------------------------------------

New round starts!

Turn: 19
Player: responsible, Warrior with Responsible character (level 7, force 5)
Event: Snail (power 5, loot 2, damage 10)
responsible won the encounter, gained 2 coins and leveled up!

Turn: 20
Player: Warrior, Magician with RiskTaking character (level 1, force 11)
Event: SolarEclipse
Warrior was affected by a solar eclipse! their force has changed by 1!

Turn: 21
Player: riskTaking, Warrior with RiskTaking character (level 1, force 5)
Event: PotionsMerchant
riskTaking bought 0 potions!

Round has ended!
Leader board is as follows:
Ranking    Player Name     Level     Force HP    Coins
1          responsible     8         5     80    24
2          Warrior         1         12    100   10
3          riskTaking      1         5     150   10

----------------------------------------

New round starts!

Turn: 22
Player: responsible, Warrior with Responsible character (level 8, force 5)
Event: Snail (power 5, loot 2, damage 10)
responsible won the encounter, gained 2 coins and leveled up!

Turn: 23
Player: Warrior, Magician with RiskTaking character (level 1, force 12)
Event: SolarEclipse
Warrior was affected by a solar eclipse! their force has changed by 1!

Turn: 24
Player: riskTaking, Warrior with RiskTaking character (level 1, force 5)
Event: PotionsMerchant
riskTaking bought 0 potions!

Round has ended!
Leader board is as follows:
Ranking    Player Name     Level     Force HP    Coins
1          responsible     9         5     70    26
2          Warrior         1         13    100   10
3          riskTaking      1         5     150   10

----------------------------------------

New round starts!

Turn: 25
Player: responsible, Warrior with Responsible character (level 9, force 5)
Event: Snail (power 5, loot 2, damage 10)
responsible won the encounter, gained 2 coins and leveled up!

Turn: 26
Player: Warrior, Magician with RiskTaking character (level 1, force 13)
Event: SolarEclipse
Warrior was affected by a solar eclipse! their force has changed by 1!

Turn: 27
Player: riskTaking, Warrior with RiskTaking character (level 1, force 5)
Event: PotionsMerchant
riskTaking bought 0 potions!

Round has ended!
Leader board is as follows:
Ranking    Player Name     Level     Force HP    Coins
1          responsible     10        5     60    28
2          Warrior         1         14    100   10
3          riskTaking      1         5     150   10

----------------------------------------

Game is over!
The winner is: responsible
Congratulations!

