Game is about to start!
These are the players:

1. Braa, Warrior with Responsible character (level 1, force 5)
2. Regev, Warrior with Responsible character (level 1, force 5)

----------------------------------------

New round starts!

Turn: 1
Player: Braa, Warrior with Responsible character (level 1, force 5)
Event: Snail (power 5, loot 2, damage 10)
Braa won the encounter, gained 2 coins and leveled up!

Turn: 2
Player: Regev, Warrior with Responsible character (level 1, force 5)
Event: Snail (power 5, loot 2, damage 10)
Regev won the encounter, gained 2 coins and leveled up!

Round has ended!
Leader board is as follows:
Ranking    Player Name     Level     Force HP    Coins
1          Braa            2         5     140   12
2          Regev           2         5     140   12

----------------------------------------

New round starts!

Turn: 3
Player: Braa, Warrior with Responsible character (level 2, force 5)
Event: Snail (power 5, loot 2, damage 10)
Braa won the encounter, gained 2 coins and leveled up!

Turn: 4
Player: Regev, Warrior with Responsible character (level 2, force 5)
Event: Snail (power 5, loot 2, damage 10)
Regev won the encounter, gained 2 coins and leveled up!

Round has ended!
Leader board is as follows:
Ranking    Player Name     Level     Force HP    Coins
1          Braa            3         5     130   14
2          Regev           3         5     130   14

----------------------------------------

New round starts!

Turn: 5
Player: Braa, Warrior with Responsible character (level 3, force 5)
Event: Snail (power 5, loot 2, damage 10)
Braa won the encounter, gained 2 coins and leveled up!

Turn: 6
Player: Regev, Warrior with Responsible character (level 3, force 5)
Event: Snail (power 5, loot 2, damage 10)
Regev won the encounter, gained 2 coins and leveled up!

Round has ended!
Leader board is as follows:
Ranking    Player Name     Level     Force HP    Coins
1          Braa            4         5     120   16
2          Regev           4         5     120   16

----------------------------------------

New round starts!

Turn: 7
Player: Braa, Warrior with Responsible character (level 4, force 5)
Event: Snail (power 5, loot 2, damage 10)
Braa won the encounter, gained 2 coins and leveled up!

Turn: 8
Player: Regev, Warrior with Responsible character (level 4, force 5)
Event: Snail (power 5, loot 2, damage 10)
Regev won the encounter, gained 2 coins and leveled up!

Round has ended!
Leader board is as follows:
Ranking    Player Name     Level     Force HP    Coins
1          Braa            5         5     110   18
2          Regev           5         5     110   18

----------------------------------------

New round starts!

Turn: 9
Player: Braa, Warrior with Responsible character (level 5, force 5)
Event: Snail (power 5, loot 2, damage 10)
Braa won the encounter, gained 2 coins and leveled up!

Turn: 10
Player: Regev, Warrior with Responsible character (level 5, force 5)
Event: Snail (power 5, loot 2, damage 10)
Regev won the encounter, gained 2 coins and leveled up!

Round has ended!
Leader board is as follows:
Ranking    Player Name     Level     Force HP    Coins
1          Braa            6         5     100   20
2          Regev           6         5     100   20

----------------------------------------

New round starts!

Turn: 11
Player: Braa, Warrior with Responsible character (level 6, force 5)
Event: Snail (power 5, loot 2, damage 10)
Braa won the encounter, gained 2 coins and leveled up!

Turn: 12
Player: Regev, Warrior with Responsible character (level 6, force 5)
Event: Snail (power 5, loot 2, damage 10)
Regev won the encounter, gained 2 coins and leveled up!

Round has ended!
Leader board is as follows:
Ranking    Player Name     Level     Force HP    Coins
1          Braa            7         5     90    22
2          Regev           7         5     90    22

----------------------------------------

New round starts!

Turn: 13
Player: Braa, Warrior with Responsible character (level 7, force 5)
Event: Snail (power 5, loot 2, damage 10)
Braa won the encounter, gained 2 coins and leveled up!

Turn: 14
Player: Regev, Warrior with Responsible character (level 7, force 5)
Event: Snail (power 5, loot 2, damage 10)
Regev won the encounter, gained 2 coins and leveled up!

Round has ended!
Leader board is as follows:
Ranking    Player Name     Level     Force HP    Coins
1          Braa            8         5     80    24
2          Regev           8         5     80    24

----------------------------------------

New round starts!

Turn: 15
Player: Braa, Warrior with Responsible character (level 8, force 5)
Event: Snail (power 5, loot 2, damage 10)
Braa won the encounter, gained 2 coins and leveled up!

Turn: 16
Player: Regev, Warrior with Responsible character (level 8, force 5)
Event: Snail (power 5, loot 2, damage 10)
Regev won the encounter, gained 2 coins and leveled up!

Round has ended!
Leader board is as follows:
Ranking    Player Name     Level     Force HP    Coins
1          Braa            9         5     70    26
2          Regev           9         5     70    26

----------------------------------------

New round starts!

Turn: 17
Player: Braa, Warrior with Responsible character (level 9, force 5)
Event: Snail (power 5, loot 2, damage 10)
Braa won the encounter, gained 2 coins and leveled up!

Turn: 18
Player: Regev, Warrior with Responsible character (level 9, force 5)
Event: Snail (power 5, loot 2, damage 10)
Regev won the encounter, gained 2 coins and leveled up!

Round has ended!
Leader board is as follows:
Ranking    Player Name     Level     Force HP    Coins
1          Braa            10        5     60    28
2          Regev           10        5     60    28

----------------------------------------

Game is over!
The winner is: Braa
Congratulations!

